// Jest Snapshot v1, https://goo.gl/fbAQLP

exports[`<Card /> renders correctly 1`] = `
ShallowWrapper {
  Symbol(enzyme.__root__): [Circular],
  Symbol(enzyme.__unrendered__): <Unknown
    card={
      Object {
        "imageDesktop": "https://www.thesun.co.uk/wp-content/uploads/2018/07/WILLIAN_desktop_@2x.jpg",
        "imageMobile": "https://www.thesun.co.uk/wp-content/uploads/2018/07/WILLIAN_mobile_@2x.jpg",
      }
    }
    className="of 2018"
    theme={
      Object {
        "primary": "#000000",
        "secondary": "#ffffff",
      }
    }
  />,
  Symbol(enzyme.__renderer__): Object {
    "batchedUpdates": [Function],
    "getNode": [Function],
    "render": [Function],
    "simulateError": [Function],
    "simulateEvent": [Function],
    "unmount": [Function],
  },
  Symbol(enzyme.__node__): Object {
    "instance": null,
    "key": undefined,
    "nodeType": "class",
    "props": Object {
      "className": "tt-card",
      "imageDesktop": "https://www.thesun.co.uk/wp-content/uploads/2018/07/WILLIAN_desktop_@2x.jpg",
      "imageMobile": "https://www.thesun.co.uk/wp-content/uploads/2018/07/WILLIAN_mobile_@2x.jpg",
    },
    "ref": null,
    "rendered": null,
    "type": [Function],
  },
  Symbol(enzyme.__nodes__): Array [
    Object {
      "instance": null,
      "key": undefined,
      "nodeType": "class",
      "props": Object {
        "className": "tt-card",
        "imageDesktop": "https://www.thesun.co.uk/wp-content/uploads/2018/07/WILLIAN_desktop_@2x.jpg",
        "imageMobile": "https://www.thesun.co.uk/wp-content/uploads/2018/07/WILLIAN_mobile_@2x.jpg",
      },
      "ref": null,
      "rendered": null,
      "type": [Function],
    },
  ],
  Symbol(enzyme.__options__): Object {
    "adapter": ReactSixteenAdapter {
      "options": Object {
        "enableComponentDidUpdateOnSetState": true,
        "lifecycles": Object {
          "componentDidUpdate": Object {
            "onSetState": true,
          },
          "getDerivedStateFromProps": true,
          "getSnapshotBeforeUpdate": true,
          "setState": Object {
            "skipsComponentDidUpdateOnNullish": true,
          },
        },
      },
    },
  },
}
`;
