// Jest Snapshot v1, https://goo.gl/fbAQLP

exports[`<IntroScreen /> renders correctly 1`] = `
ShallowWrapper {
  Symbol(enzyme.__root__): [Circular],
  Symbol(enzyme.__unrendered__): <Unknown
    class="youCantBuy"
    imageDesktop="fightNightBig.png"
    imageMobile="fightNight.png"
    onStartGame={[Function]}
    playButtonText="Friday Night's alright for"
    theme={
      Object {
        "primary": "#000000",
        "secondary": "#ffffff",
      }
    }
  />,
  Symbol(enzyme.__renderer__): Object {
    "batchedUpdates": [Function],
    "getNode": [Function],
    "render": [Function],
    "simulateError": [Function],
    "simulateEvent": [Function],
    "unmount": [Function],
  },
  Symbol(enzyme.__node__): Object {
    "instance": null,
    "key": undefined,
    "nodeType": "class",
    "props": Object {
      "children": <glamorous(section)>
        <glamorous(div)
          className="tt-intro-button-holder"
        >
          <glamorous(div)
            backgroundColour="#000000"
            className="tt-intro-button"
            hoverBackgroundColour="#ffffff"
            onClick={[Function]}
          >
            Friday Night's alright for
          </glamorous(div)>
        </glamorous(div)>
      </glamorous(section)>,
      "className": "tt-intro-inner",
      "imageDesktop": "fightNightBig.png",
      "imageMobile": "fightNight.png",
    },
    "ref": null,
    "rendered": Object {
      "instance": null,
      "key": undefined,
      "nodeType": "class",
      "props": Object {
        "children": <glamorous(div)
          className="tt-intro-button-holder"
        >
          <glamorous(div)
            backgroundColour="#000000"
            className="tt-intro-button"
            hoverBackgroundColour="#ffffff"
            onClick={[Function]}
          >
            Friday Night's alright for
          </glamorous(div)>
        </glamorous(div)>,
      },
      "ref": null,
      "rendered": Object {
        "instance": null,
        "key": undefined,
        "nodeType": "class",
        "props": Object {
          "children": <glamorous(div)
            backgroundColour="#000000"
            className="tt-intro-button"
            hoverBackgroundColour="#ffffff"
            onClick={[Function]}
          >
            Friday Night's alright for
          </glamorous(div)>,
          "className": "tt-intro-button-holder",
        },
        "ref": null,
        "rendered": Object {
          "instance": null,
          "key": undefined,
          "nodeType": "class",
          "props": Object {
            "backgroundColour": "#000000",
            "children": "Friday Night's alright for",
            "className": "tt-intro-button",
            "hoverBackgroundColour": "#ffffff",
            "onClick": [Function],
          },
          "ref": null,
          "rendered": "Friday Night's alright for",
          "type": [Function],
        },
        "type": [Function],
      },
      "type": [Function],
    },
    "type": [Function],
  },
  Symbol(enzyme.__nodes__): Array [
    Object {
      "instance": null,
      "key": undefined,
      "nodeType": "class",
      "props": Object {
        "children": <glamorous(section)>
          <glamorous(div)
            className="tt-intro-button-holder"
          >
            <glamorous(div)
              backgroundColour="#000000"
              className="tt-intro-button"
              hoverBackgroundColour="#ffffff"
              onClick={[Function]}
            >
              Friday Night's alright for
            </glamorous(div)>
          </glamorous(div)>
        </glamorous(section)>,
        "className": "tt-intro-inner",
        "imageDesktop": "fightNightBig.png",
        "imageMobile": "fightNight.png",
      },
      "ref": null,
      "rendered": Object {
        "instance": null,
        "key": undefined,
        "nodeType": "class",
        "props": Object {
          "children": <glamorous(div)
            className="tt-intro-button-holder"
          >
            <glamorous(div)
              backgroundColour="#000000"
              className="tt-intro-button"
              hoverBackgroundColour="#ffffff"
              onClick={[Function]}
            >
              Friday Night's alright for
            </glamorous(div)>
          </glamorous(div)>,
        },
        "ref": null,
        "rendered": Object {
          "instance": null,
          "key": undefined,
          "nodeType": "class",
          "props": Object {
            "children": <glamorous(div)
              backgroundColour="#000000"
              className="tt-intro-button"
              hoverBackgroundColour="#ffffff"
              onClick={[Function]}
            >
              Friday Night's alright for
            </glamorous(div)>,
            "className": "tt-intro-button-holder",
          },
          "ref": null,
          "rendered": Object {
            "instance": null,
            "key": undefined,
            "nodeType": "class",
            "props": Object {
              "backgroundColour": "#000000",
              "children": "Friday Night's alright for",
              "className": "tt-intro-button",
              "hoverBackgroundColour": "#ffffff",
              "onClick": [Function],
            },
            "ref": null,
            "rendered": "Friday Night's alright for",
            "type": [Function],
          },
          "type": [Function],
        },
        "type": [Function],
      },
      "type": [Function],
    },
  ],
  Symbol(enzyme.__options__): Object {
    "adapter": ReactSixteenAdapter {
      "options": Object {
        "enableComponentDidUpdateOnSetState": true,
        "lifecycles": Object {
          "componentDidUpdate": Object {
            "onSetState": true,
          },
          "getDerivedStateFromProps": true,
          "getSnapshotBeforeUpdate": true,
          "setState": Object {
            "skipsComponentDidUpdateOnNullish": true,
          },
        },
      },
    },
  },
}
`;
