// Jest Snapshot v1, https://goo.gl/fbAQLP

exports[`<ProgressBar /> renders correctly 1`] = `
ShallowWrapper {
  Symbol(enzyme.__root__): [Circular],
  Symbol(enzyme.__unrendered__): <Unknown
    cards={
      Array [
        Object {
          "fName": "Deontay",
          "id": "wilder",
          "imageDesktop": "https://www.thesun.co.uk/wp-content/uploads/2018/08/WILDER@2x.jpg",
          "imageMobile": "https://www.thesun.co.uk/wp-content/uploads/2018/08/wilder-mob@2x.jpg",
          "imageThumb": "https://www.thesun.co.uk/wp-content/uploads/2018/08/thumbnail-wilder@2x.jpg",
          "sName": "Wilder",
        },
        Object {
          "fName": "Dillian",
          "id": "whyte",
          "imageDesktop": "https://www.thesun.co.uk/wp-content/uploads/2018/08/WHYTE@2x.jpg",
          "imageMobile": "https://www.thesun.co.uk/wp-content/uploads/2018/08/whyte-mob@2x.jpg",
          "imageThumb": "https://www.thesun.co.uk/wp-content/uploads/2018/08/thumbnail-whyte@2x.jpg",
          "sName": "Whyte",
        },
        Object {
          "fName": "Tyson",
          "id": "fury",
          "imageDesktop": "https://www.thesun.co.uk/wp-content/uploads/2018/08/FURY@2x.jpg",
          "imageMobile": "https://www.thesun.co.uk/wp-content/uploads/2018/08/fury-mob@2x.jpg",
          "imageThumb": "https://www.thesun.co.uk/wp-content/uploads/2018/08/thumbnail-fury@2x.jpg",
          "sName": "Fury",
        },
      ]
    }
    className="youCantBuy"
    currentCardIndex={0}
    onClickLeft={[Function]}
    onClickRight={[Function]}
    theme={
      Object {
        "primary": "#ffffff",
        "secondary": "#000000",
      }
    }
  />,
  Symbol(enzyme.__renderer__): Object {
    "batchedUpdates": [Function],
    "getNode": [Function],
    "render": [Function],
    "simulateError": [Function],
    "simulateEvent": [Function],
    "unmount": [Function],
  },
  Symbol(enzyme.__node__): Object {
    "instance": null,
    "key": undefined,
    "nodeType": "class",
    "props": Object {
      "bkgnd": "#000000",
      "borderColour": "#ffffff",
      "children": Array [
        <glamorous(div)
          onClick={[Function]}
          right={false}
        >
          <glamorous(div)
            disabled={true}
            right={false}
          />
        </glamorous(div)>,
        <glamorous(div)>
          <glamorous(div)
            className="tt-progress"
            inactiveColour="#ffffff"
            viewed={true}
          />
          <glamorous(div)
            className="tt-progress"
            inactiveColour="#ffffff"
            viewed={false}
          />
          <glamorous(div)
            className="tt-progress"
            inactiveColour="#ffffff"
            viewed={false}
          />
        </glamorous(div)>,
        <glamorous(div)
          onClick={[Function]}
          right={true}
        >
          <glamorous(div)
            disabled={false}
            right={true}
          />
        </glamorous(div)>,
      ],
      "className": "tt-progress_bar-container",
    },
    "ref": null,
    "rendered": Array [
      Object {
        "instance": null,
        "key": undefined,
        "nodeType": "class",
        "props": Object {
          "children": <glamorous(div)
            disabled={true}
            right={false}
          />,
          "onClick": [Function],
          "right": false,
        },
        "ref": null,
        "rendered": Object {
          "instance": null,
          "key": undefined,
          "nodeType": "class",
          "props": Object {
            "disabled": true,
            "right": false,
          },
          "ref": null,
          "rendered": null,
          "type": [Function],
        },
        "type": [Function],
      },
      Object {
        "instance": null,
        "key": undefined,
        "nodeType": "class",
        "props": Object {
          "children": Array [
            <glamorous(div)
              className="tt-progress"
              inactiveColour="#ffffff"
              viewed={true}
            />,
            <glamorous(div)
              className="tt-progress"
              inactiveColour="#ffffff"
              viewed={false}
            />,
            <glamorous(div)
              className="tt-progress"
              inactiveColour="#ffffff"
              viewed={false}
            />,
          ],
        },
        "ref": null,
        "rendered": Array [
          Object {
            "instance": null,
            "key": "wilder",
            "nodeType": "class",
            "props": Object {
              "className": "tt-progress",
              "inactiveColour": "#ffffff",
              "viewed": true,
            },
            "ref": null,
            "rendered": null,
            "type": [Function],
          },
          Object {
            "instance": null,
            "key": "whyte",
            "nodeType": "class",
            "props": Object {
              "className": "tt-progress",
              "inactiveColour": "#ffffff",
              "viewed": false,
            },
            "ref": null,
            "rendered": null,
            "type": [Function],
          },
          Object {
            "instance": null,
            "key": "fury",
            "nodeType": "class",
            "props": Object {
              "className": "tt-progress",
              "inactiveColour": "#ffffff",
              "viewed": false,
            },
            "ref": null,
            "rendered": null,
            "type": [Function],
          },
        ],
        "type": [Function],
      },
      Object {
        "instance": null,
        "key": undefined,
        "nodeType": "class",
        "props": Object {
          "children": <glamorous(div)
            disabled={false}
            right={true}
          />,
          "onClick": [Function],
          "right": true,
        },
        "ref": null,
        "rendered": Object {
          "instance": null,
          "key": undefined,
          "nodeType": "class",
          "props": Object {
            "disabled": false,
            "right": true,
          },
          "ref": null,
          "rendered": null,
          "type": [Function],
        },
        "type": [Function],
      },
    ],
    "type": [Function],
  },
  Symbol(enzyme.__nodes__): Array [
    Object {
      "instance": null,
      "key": undefined,
      "nodeType": "class",
      "props": Object {
        "bkgnd": "#000000",
        "borderColour": "#ffffff",
        "children": Array [
          <glamorous(div)
            onClick={[Function]}
            right={false}
          >
            <glamorous(div)
              disabled={true}
              right={false}
            />
          </glamorous(div)>,
          <glamorous(div)>
            <glamorous(div)
              className="tt-progress"
              inactiveColour="#ffffff"
              viewed={true}
            />
            <glamorous(div)
              className="tt-progress"
              inactiveColour="#ffffff"
              viewed={false}
            />
            <glamorous(div)
              className="tt-progress"
              inactiveColour="#ffffff"
              viewed={false}
            />
          </glamorous(div)>,
          <glamorous(div)
            onClick={[Function]}
            right={true}
          >
            <glamorous(div)
              disabled={false}
              right={true}
            />
          </glamorous(div)>,
        ],
        "className": "tt-progress_bar-container",
      },
      "ref": null,
      "rendered": Array [
        Object {
          "instance": null,
          "key": undefined,
          "nodeType": "class",
          "props": Object {
            "children": <glamorous(div)
              disabled={true}
              right={false}
            />,
            "onClick": [Function],
            "right": false,
          },
          "ref": null,
          "rendered": Object {
            "instance": null,
            "key": undefined,
            "nodeType": "class",
            "props": Object {
              "disabled": true,
              "right": false,
            },
            "ref": null,
            "rendered": null,
            "type": [Function],
          },
          "type": [Function],
        },
        Object {
          "instance": null,
          "key": undefined,
          "nodeType": "class",
          "props": Object {
            "children": Array [
              <glamorous(div)
                className="tt-progress"
                inactiveColour="#ffffff"
                viewed={true}
              />,
              <glamorous(div)
                className="tt-progress"
                inactiveColour="#ffffff"
                viewed={false}
              />,
              <glamorous(div)
                className="tt-progress"
                inactiveColour="#ffffff"
                viewed={false}
              />,
            ],
          },
          "ref": null,
          "rendered": Array [
            Object {
              "instance": null,
              "key": "wilder",
              "nodeType": "class",
              "props": Object {
                "className": "tt-progress",
                "inactiveColour": "#ffffff",
                "viewed": true,
              },
              "ref": null,
              "rendered": null,
              "type": [Function],
            },
            Object {
              "instance": null,
              "key": "whyte",
              "nodeType": "class",
              "props": Object {
                "className": "tt-progress",
                "inactiveColour": "#ffffff",
                "viewed": false,
              },
              "ref": null,
              "rendered": null,
              "type": [Function],
            },
            Object {
              "instance": null,
              "key": "fury",
              "nodeType": "class",
              "props": Object {
                "className": "tt-progress",
                "inactiveColour": "#ffffff",
                "viewed": false,
              },
              "ref": null,
              "rendered": null,
              "type": [Function],
            },
          ],
          "type": [Function],
        },
        Object {
          "instance": null,
          "key": undefined,
          "nodeType": "class",
          "props": Object {
            "children": <glamorous(div)
              disabled={false}
              right={true}
            />,
            "onClick": [Function],
            "right": true,
          },
          "ref": null,
          "rendered": Object {
            "instance": null,
            "key": undefined,
            "nodeType": "class",
            "props": Object {
              "disabled": false,
              "right": true,
            },
            "ref": null,
            "rendered": null,
            "type": [Function],
          },
          "type": [Function],
        },
      ],
      "type": [Function],
    },
  ],
  Symbol(enzyme.__options__): Object {
    "adapter": ReactSixteenAdapter {
      "options": Object {
        "enableComponentDidUpdateOnSetState": true,
        "lifecycles": Object {
          "componentDidUpdate": Object {
            "onSetState": true,
          },
          "getDerivedStateFromProps": true,
          "getSnapshotBeforeUpdate": true,
          "setState": Object {
            "skipsComponentDidUpdateOnNullish": true,
          },
        },
      },
    },
  },
}
`;
