// Jest Snapshot v1, https://goo.gl/fbAQLP

exports[`<Results /> UI renders correctly 1`] = `
ShallowWrapper {
  Symbol(enzyme.__root__): [Circular],
  Symbol(enzyme.__unrendered__): <Unknown
    cards={
      Array [
        Object {
          "fName": "Deontay",
          "id": "wilder",
          "imageDesktop": "https://www.thesun.co.uk/wp-content/uploads/2018/08/WILDER@2x.jpg",
          "imageMobile": "https://www.thesun.co.uk/wp-content/uploads/2018/08/wilder-mob@2x.jpg",
          "imageThumb": "https://www.thesun.co.uk/wp-content/uploads/2018/08/thumbnail-wilder@2x.jpg",
          "sName": "Wilder",
          "voteCount": Object {
            "noVoteCount": 5,
            "player": "Deontay Wilder",
            "voteCount": 2,
          },
        },
        Object {
          "fName": "Dillian",
          "id": "whyte",
          "imageDesktop": "https://www.thesun.co.uk/wp-content/uploads/2018/08/WHYTE@2x.jpg",
          "imageMobile": "https://www.thesun.co.uk/wp-content/uploads/2018/08/whyte-mob@2x.jpg",
          "imageThumb": "https://www.thesun.co.uk/wp-content/uploads/2018/08/thumbnail-whyte@2x.jpg",
          "sName": "Whyte",
          "voteCount": Object {
            "noVoteCount": 2,
            "player": "Dillian Whyte",
            "voteCount": 5,
          },
        },
        Object {
          "fName": "Tyson",
          "id": "fury",
          "imageDesktop": "https://www.thesun.co.uk/wp-content/uploads/2018/08/FURY@2x.jpg",
          "imageMobile": "https://www.thesun.co.uk/wp-content/uploads/2018/08/fury-mob@2x.jpg",
          "imageThumb": "https://www.thesun.co.uk/wp-content/uploads/2018/08/thumbnail-fury@2x.jpg",
          "sName": "Fury",
          "voteCount": Object {
            "noVoteCount": 4,
            "player": "Tyson Fury",
            "voteCount": 3,
          },
        },
      ]
    }
    className="youCantBuy"
    headline="The Results"
    imageDesktop="https://www.thesun.co.uk/wp-content/uploads/2018/08/FURY@2x.jpg"
    imageMobile="https://www.thesun.co.uk/wp-content/uploads/2018/08/fury-mob@2x.jpg"
    linkClick={[Function]}
    linkText="Boxing news"
    linkUrl="http://wwww.thesun.co.uk"
    subHeadline="Who should Jamie fight next?"
    theme={
      Object {
        "primary": "#ffffff",
        "secondary": "#000000",
      }
    }
  />,
  Symbol(enzyme.__renderer__): Object {
    "batchedUpdates": [Function],
    "getNode": [Function],
    "render": [Function],
    "simulateError": [Function],
    "simulateEvent": [Function],
    "unmount": [Function],
  },
  Symbol(enzyme.__node__): Object {
    "instance": null,
    "key": undefined,
    "nodeType": "class",
    "props": Object {
      "children": <glamorous(section)>
        <glamorous(div)>
          <ChartHorizontalBar
            data={
              Array [
                Object {
                  "imageThumb": "https://www.thesun.co.uk/wp-content/uploads/2018/08/thumbnail-wilder@2x.jpg",
                  "noVoteCount": 5,
                  "player": "Deontay Wilder",
                  "voteCount": 2,
                  "votePercentage": 20,
                },
                Object {
                  "imageThumb": "https://www.thesun.co.uk/wp-content/uploads/2018/08/thumbnail-whyte@2x.jpg",
                  "noVoteCount": 2,
                  "player": "Dillian Whyte",
                  "voteCount": 5,
                  "votePercentage": 50,
                },
                Object {
                  "imageThumb": "https://www.thesun.co.uk/wp-content/uploads/2018/08/thumbnail-fury@2x.jpg",
                  "noVoteCount": 4,
                  "player": "Tyson Fury",
                  "voteCount": 3,
                  "votePercentage": 30,
                },
              ]
            }
            theme={
              Object {
                "primary": "#ffffff",
                "secondary": "#000000",
              }
            }
          />
        </glamorous(div)>
        <glamorous(div)
          colour="#ffffff"
          hoverBackgroundColour="#000000"
          onClick={[Function]}
        >
          Boxing news
        </glamorous(div)>
      </glamorous(section)>,
      "imageDesktop": "https://www.thesun.co.uk/wp-content/uploads/2018/08/FURY@2x.jpg",
      "imageMobile": "https://www.thesun.co.uk/wp-content/uploads/2018/08/fury-mob@2x.jpg",
    },
    "ref": null,
    "rendered": Object {
      "instance": null,
      "key": undefined,
      "nodeType": "class",
      "props": Object {
        "children": Array [
          <glamorous(div)>
            <ChartHorizontalBar
              data={
                Array [
                  Object {
                    "imageThumb": "https://www.thesun.co.uk/wp-content/uploads/2018/08/thumbnail-wilder@2x.jpg",
                    "noVoteCount": 5,
                    "player": "Deontay Wilder",
                    "voteCount": 2,
                    "votePercentage": 20,
                  },
                  Object {
                    "imageThumb": "https://www.thesun.co.uk/wp-content/uploads/2018/08/thumbnail-whyte@2x.jpg",
                    "noVoteCount": 2,
                    "player": "Dillian Whyte",
                    "voteCount": 5,
                    "votePercentage": 50,
                  },
                  Object {
                    "imageThumb": "https://www.thesun.co.uk/wp-content/uploads/2018/08/thumbnail-fury@2x.jpg",
                    "noVoteCount": 4,
                    "player": "Tyson Fury",
                    "voteCount": 3,
                    "votePercentage": 30,
                  },
                ]
              }
              theme={
                Object {
                  "primary": "#ffffff",
                  "secondary": "#000000",
                }
              }
            />
          </glamorous(div)>,
          <glamorous(div)
            colour="#ffffff"
            hoverBackgroundColour="#000000"
            onClick={[Function]}
          >
            Boxing news
          </glamorous(div)>,
        ],
      },
      "ref": null,
      "rendered": Array [
        Object {
          "instance": null,
          "key": undefined,
          "nodeType": "class",
          "props": Object {
            "children": <ChartHorizontalBar
              data={
                Array [
                  Object {
                    "imageThumb": "https://www.thesun.co.uk/wp-content/uploads/2018/08/thumbnail-wilder@2x.jpg",
                    "noVoteCount": 5,
                    "player": "Deontay Wilder",
                    "voteCount": 2,
                    "votePercentage": 20,
                  },
                  Object {
                    "imageThumb": "https://www.thesun.co.uk/wp-content/uploads/2018/08/thumbnail-whyte@2x.jpg",
                    "noVoteCount": 2,
                    "player": "Dillian Whyte",
                    "voteCount": 5,
                    "votePercentage": 50,
                  },
                  Object {
                    "imageThumb": "https://www.thesun.co.uk/wp-content/uploads/2018/08/thumbnail-fury@2x.jpg",
                    "noVoteCount": 4,
                    "player": "Tyson Fury",
                    "voteCount": 3,
                    "votePercentage": 30,
                  },
                ]
              }
              theme={
                Object {
                  "primary": "#ffffff",
                  "secondary": "#000000",
                }
              }
            />,
          },
          "ref": null,
          "rendered": Object {
            "instance": null,
            "key": undefined,
            "nodeType": "class",
            "props": Object {
              "data": Array [
                Object {
                  "imageThumb": "https://www.thesun.co.uk/wp-content/uploads/2018/08/thumbnail-wilder@2x.jpg",
                  "noVoteCount": 5,
                  "player": "Deontay Wilder",
                  "voteCount": 2,
                  "votePercentage": 20,
                },
                Object {
                  "imageThumb": "https://www.thesun.co.uk/wp-content/uploads/2018/08/thumbnail-whyte@2x.jpg",
                  "noVoteCount": 2,
                  "player": "Dillian Whyte",
                  "voteCount": 5,
                  "votePercentage": 50,
                },
                Object {
                  "imageThumb": "https://www.thesun.co.uk/wp-content/uploads/2018/08/thumbnail-fury@2x.jpg",
                  "noVoteCount": 4,
                  "player": "Tyson Fury",
                  "voteCount": 3,
                  "votePercentage": 30,
                },
              ],
              "theme": Object {
                "primary": "#ffffff",
                "secondary": "#000000",
              },
            },
            "ref": null,
            "rendered": null,
            "type": [Function],
          },
          "type": [Function],
        },
        Object {
          "instance": null,
          "key": undefined,
          "nodeType": "class",
          "props": Object {
            "children": "Boxing news",
            "colour": "#ffffff",
            "hoverBackgroundColour": "#000000",
            "onClick": [Function],
          },
          "ref": null,
          "rendered": "Boxing news",
          "type": [Function],
        },
      ],
      "type": [Function],
    },
    "type": [Function],
  },
  Symbol(enzyme.__nodes__): Array [
    Object {
      "instance": null,
      "key": undefined,
      "nodeType": "class",
      "props": Object {
        "children": <glamorous(section)>
          <glamorous(div)>
            <ChartHorizontalBar
              data={
                Array [
                  Object {
                    "imageThumb": "https://www.thesun.co.uk/wp-content/uploads/2018/08/thumbnail-wilder@2x.jpg",
                    "noVoteCount": 5,
                    "player": "Deontay Wilder",
                    "voteCount": 2,
                    "votePercentage": 20,
                  },
                  Object {
                    "imageThumb": "https://www.thesun.co.uk/wp-content/uploads/2018/08/thumbnail-whyte@2x.jpg",
                    "noVoteCount": 2,
                    "player": "Dillian Whyte",
                    "voteCount": 5,
                    "votePercentage": 50,
                  },
                  Object {
                    "imageThumb": "https://www.thesun.co.uk/wp-content/uploads/2018/08/thumbnail-fury@2x.jpg",
                    "noVoteCount": 4,
                    "player": "Tyson Fury",
                    "voteCount": 3,
                    "votePercentage": 30,
                  },
                ]
              }
              theme={
                Object {
                  "primary": "#ffffff",
                  "secondary": "#000000",
                }
              }
            />
          </glamorous(div)>
          <glamorous(div)
            colour="#ffffff"
            hoverBackgroundColour="#000000"
            onClick={[Function]}
          >
            Boxing news
          </glamorous(div)>
        </glamorous(section)>,
        "imageDesktop": "https://www.thesun.co.uk/wp-content/uploads/2018/08/FURY@2x.jpg",
        "imageMobile": "https://www.thesun.co.uk/wp-content/uploads/2018/08/fury-mob@2x.jpg",
      },
      "ref": null,
      "rendered": Object {
        "instance": null,
        "key": undefined,
        "nodeType": "class",
        "props": Object {
          "children": Array [
            <glamorous(div)>
              <ChartHorizontalBar
                data={
                  Array [
                    Object {
                      "imageThumb": "https://www.thesun.co.uk/wp-content/uploads/2018/08/thumbnail-wilder@2x.jpg",
                      "noVoteCount": 5,
                      "player": "Deontay Wilder",
                      "voteCount": 2,
                      "votePercentage": 20,
                    },
                    Object {
                      "imageThumb": "https://www.thesun.co.uk/wp-content/uploads/2018/08/thumbnail-whyte@2x.jpg",
                      "noVoteCount": 2,
                      "player": "Dillian Whyte",
                      "voteCount": 5,
                      "votePercentage": 50,
                    },
                    Object {
                      "imageThumb": "https://www.thesun.co.uk/wp-content/uploads/2018/08/thumbnail-fury@2x.jpg",
                      "noVoteCount": 4,
                      "player": "Tyson Fury",
                      "voteCount": 3,
                      "votePercentage": 30,
                    },
                  ]
                }
                theme={
                  Object {
                    "primary": "#ffffff",
                    "secondary": "#000000",
                  }
                }
              />
            </glamorous(div)>,
            <glamorous(div)
              colour="#ffffff"
              hoverBackgroundColour="#000000"
              onClick={[Function]}
            >
              Boxing news
            </glamorous(div)>,
          ],
        },
        "ref": null,
        "rendered": Array [
          Object {
            "instance": null,
            "key": undefined,
            "nodeType": "class",
            "props": Object {
              "children": <ChartHorizontalBar
                data={
                  Array [
                    Object {
                      "imageThumb": "https://www.thesun.co.uk/wp-content/uploads/2018/08/thumbnail-wilder@2x.jpg",
                      "noVoteCount": 5,
                      "player": "Deontay Wilder",
                      "voteCount": 2,
                      "votePercentage": 20,
                    },
                    Object {
                      "imageThumb": "https://www.thesun.co.uk/wp-content/uploads/2018/08/thumbnail-whyte@2x.jpg",
                      "noVoteCount": 2,
                      "player": "Dillian Whyte",
                      "voteCount": 5,
                      "votePercentage": 50,
                    },
                    Object {
                      "imageThumb": "https://www.thesun.co.uk/wp-content/uploads/2018/08/thumbnail-fury@2x.jpg",
                      "noVoteCount": 4,
                      "player": "Tyson Fury",
                      "voteCount": 3,
                      "votePercentage": 30,
                    },
                  ]
                }
                theme={
                  Object {
                    "primary": "#ffffff",
                    "secondary": "#000000",
                  }
                }
              />,
            },
            "ref": null,
            "rendered": Object {
              "instance": null,
              "key": undefined,
              "nodeType": "class",
              "props": Object {
                "data": Array [
                  Object {
                    "imageThumb": "https://www.thesun.co.uk/wp-content/uploads/2018/08/thumbnail-wilder@2x.jpg",
                    "noVoteCount": 5,
                    "player": "Deontay Wilder",
                    "voteCount": 2,
                    "votePercentage": 20,
                  },
                  Object {
                    "imageThumb": "https://www.thesun.co.uk/wp-content/uploads/2018/08/thumbnail-whyte@2x.jpg",
                    "noVoteCount": 2,
                    "player": "Dillian Whyte",
                    "voteCount": 5,
                    "votePercentage": 50,
                  },
                  Object {
                    "imageThumb": "https://www.thesun.co.uk/wp-content/uploads/2018/08/thumbnail-fury@2x.jpg",
                    "noVoteCount": 4,
                    "player": "Tyson Fury",
                    "voteCount": 3,
                    "votePercentage": 30,
                  },
                ],
                "theme": Object {
                  "primary": "#ffffff",
                  "secondary": "#000000",
                },
              },
              "ref": null,
              "rendered": null,
              "type": [Function],
            },
            "type": [Function],
          },
          Object {
            "instance": null,
            "key": undefined,
            "nodeType": "class",
            "props": Object {
              "children": "Boxing news",
              "colour": "#ffffff",
              "hoverBackgroundColour": "#000000",
              "onClick": [Function],
            },
            "ref": null,
            "rendered": "Boxing news",
            "type": [Function],
          },
        ],
        "type": [Function],
      },
      "type": [Function],
    },
  ],
  Symbol(enzyme.__options__): Object {
    "adapter": ReactSixteenAdapter {
      "options": Object {
        "enableComponentDidUpdateOnSetState": true,
        "lifecycles": Object {
          "componentDidUpdate": Object {
            "onSetState": true,
          },
          "getDerivedStateFromProps": true,
          "getSnapshotBeforeUpdate": true,
          "setState": Object {
            "skipsComponentDidUpdateOnNullish": true,
          },
        },
      },
    },
  },
}
`;
