// Jest Snapshot v1, https://goo.gl/fbAQLP

exports[`<WeatherTabRow /> renders renders correctly with default values 1`] = `
ShallowWrapper {
  Symbol(enzyme.__root__): [Circular],
  Symbol(enzyme.__unrendered__): <WeatherTabRow
    onClick={[Function]}
  >
    <Unknown
      date="AUG 10"
      day="FRI"
      dayMax="12"
      icon="https://www.thesun.co.uk/wp-content/uploads/2018/11/Sunny.png"
      nightMin="10"
    />
    <Unknown
      date="AUG 10"
      day="SAT"
      dayMax="21"
      icon="https://www.thesun.co.uk/wp-content/uploads/2018/11/Sunny.png"
      nightMin="10"
    />
  </WeatherTabRow>,
  Symbol(enzyme.__renderer__): Object {
    "batchedUpdates": [Function],
    "getNode": [Function],
    "render": [Function],
    "simulateError": [Function],
    "simulateEvent": [Function],
    "unmount": [Function],
  },
  Symbol(enzyme.__node__): Object {
    "instance": null,
    "key": undefined,
    "nodeType": "class",
    "props": Object {
      "children": Array [
        <Unknown
          date="AUG 10"
          day="FRI"
          dayMax="12"
          icon="https://www.thesun.co.uk/wp-content/uploads/2018/11/Sunny.png"
          nightMin="10"
          onClick={[Function]}
          selected={true}
        />,
        <Unknown
          date="AUG 10"
          day="SAT"
          dayMax="21"
          icon="https://www.thesun.co.uk/wp-content/uploads/2018/11/Sunny.png"
          nightMin="10"
          onClick={[Function]}
          selected={false}
        />,
      ],
      "className": "WeatherTabRow",
    },
    "ref": null,
    "rendered": Array [
      Object {
        "instance": null,
        "key": "0/.0",
        "nodeType": "function",
        "props": Object {
          "date": "AUG 10",
          "day": "FRI",
          "dayMax": "12",
          "icon": "https://www.thesun.co.uk/wp-content/uploads/2018/11/Sunny.png",
          "nightMin": "10",
          "onClick": [Function],
          "selected": true,
        },
        "ref": null,
        "rendered": null,
        "type": [Function],
      },
      Object {
        "instance": null,
        "key": "1/.1",
        "nodeType": "function",
        "props": Object {
          "date": "AUG 10",
          "day": "SAT",
          "dayMax": "21",
          "icon": "https://www.thesun.co.uk/wp-content/uploads/2018/11/Sunny.png",
          "nightMin": "10",
          "onClick": [Function],
          "selected": false,
        },
        "ref": null,
        "rendered": null,
        "type": [Function],
      },
    ],
    "type": [Function],
  },
  Symbol(enzyme.__nodes__): Array [
    Object {
      "instance": null,
      "key": undefined,
      "nodeType": "class",
      "props": Object {
        "children": Array [
          <Unknown
            date="AUG 10"
            day="FRI"
            dayMax="12"
            icon="https://www.thesun.co.uk/wp-content/uploads/2018/11/Sunny.png"
            nightMin="10"
            onClick={[Function]}
            selected={true}
          />,
          <Unknown
            date="AUG 10"
            day="SAT"
            dayMax="21"
            icon="https://www.thesun.co.uk/wp-content/uploads/2018/11/Sunny.png"
            nightMin="10"
            onClick={[Function]}
            selected={false}
          />,
        ],
        "className": "WeatherTabRow",
      },
      "ref": null,
      "rendered": Array [
        Object {
          "instance": null,
          "key": "0/.0",
          "nodeType": "function",
          "props": Object {
            "date": "AUG 10",
            "day": "FRI",
            "dayMax": "12",
            "icon": "https://www.thesun.co.uk/wp-content/uploads/2018/11/Sunny.png",
            "nightMin": "10",
            "onClick": [Function],
            "selected": true,
          },
          "ref": null,
          "rendered": null,
          "type": [Function],
        },
        Object {
          "instance": null,
          "key": "1/.1",
          "nodeType": "function",
          "props": Object {
            "date": "AUG 10",
            "day": "SAT",
            "dayMax": "21",
            "icon": "https://www.thesun.co.uk/wp-content/uploads/2018/11/Sunny.png",
            "nightMin": "10",
            "onClick": [Function],
            "selected": false,
          },
          "ref": null,
          "rendered": null,
          "type": [Function],
        },
      ],
      "type": [Function],
    },
  ],
  Symbol(enzyme.__options__): Object {
    "adapter": ReactSixteenAdapter {
      "options": Object {
        "enableComponentDidUpdateOnSetState": true,
        "lifecycles": Object {
          "componentDidUpdate": Object {
            "onSetState": true,
          },
          "getDerivedStateFromProps": true,
          "getSnapshotBeforeUpdate": true,
          "setState": Object {
            "skipsComponentDidUpdateOnNullish": true,
          },
        },
      },
    },
  },
}
`;
