// Jest Snapshot v1, https://goo.gl/fbAQLP

exports[`<ComponentHeader /> renders correctly 1`] = `
ShallowWrapper {
  Symbol(enzyme.__root__): [Circular],
  Symbol(enzyme.__unrendered__): <Unknown
    alignment={
      Object {
        "x": "left",
      }
    }
    highlight="highlight"
    inline={true}
    subTitle="Lorem ipsum dolor sit amet, consectetur adipiscing elit. Ut accumsan venenatis neque quis malesuada. Sed ac porta enim, vel bibendum tellus"
    theme={
      Object {
        "primary": "#e665bf",
        "secondary": "#a6498a",
      }
    }
    title="rest of headline"
  />,
  Symbol(enzyme.__renderer__): Object {
    "batchedUpdates": [Function],
    "getNode": [Function],
    "render": [Function],
    "simulateError": [Function],
    "simulateEvent": [Function],
    "unmount": [Function],
  },
  Symbol(enzyme.__node__): Object {
    "instance": null,
    "key": undefined,
    "nodeType": "host",
    "props": Object {
      "children": Array [
        <glamorous(div)
          alignment={
            Object {
              "x": "left",
            }
          }
          background={false}
          className="undefined-inner"
          inline={true}
          theme={
            Object {
              "primary": "#e665bf",
              "secondary": "#a6498a",
            }
          }
        >
          <div>
            <glamorous(glamorous(glamorous(h2)))
              alignment={
                Object {
                  "x": "left",
                }
              }
              background={false}
              fontColour="#e665bf"
              fontName="TheSun-HeavyCondensed"
              inline={true}
            >
              highlight
            </glamorous(glamorous(glamorous(h2)))>
            <glamorous(glamorous(h2))
              alignment={
                Object {
                  "x": "left",
                }
              }
              background={false}
              fontName="TheSun-HeavyCondensed"
              inline={true}
            >
              rest of headline
            </glamorous(glamorous(h2))>
          </div>
        </glamorous(div)>,
        <glamorous(glamorous(glamorous.P))
          alignment={
            Object {
              "x": "left",
            }
          }
          className="undefined-subtitle"
          dangerouslySetInnerHTML={
            Object {
              "__html": "Lorem ipsum dolor sit amet, consectetur adipiscing elit. Ut accumsan venenatis neque quis malesuada. Sed ac porta enim, vel bibendum tellus",
            }
          }
          hasBackground={false}
          linkColour="#e665bf"
        />,
      ],
      "className": undefined,
    },
    "ref": null,
    "rendered": Array [
      Object {
        "instance": null,
        "key": undefined,
        "nodeType": "class",
        "props": Object {
          "alignment": Object {
            "x": "left",
          },
          "background": false,
          "children": <div>
            <glamorous(glamorous(glamorous(h2)))
              alignment={
                Object {
                  "x": "left",
                }
              }
              background={false}
              fontColour="#e665bf"
              fontName="TheSun-HeavyCondensed"
              inline={true}
            >
              highlight
            </glamorous(glamorous(glamorous(h2)))>
            <glamorous(glamorous(h2))
              alignment={
                Object {
                  "x": "left",
                }
              }
              background={false}
              fontName="TheSun-HeavyCondensed"
              inline={true}
            >
              rest of headline
            </glamorous(glamorous(h2))>
          </div>,
          "className": "undefined-inner",
          "inline": true,
          "theme": Object {
            "primary": "#e665bf",
            "secondary": "#a6498a",
          },
        },
        "ref": null,
        "rendered": Object {
          "instance": null,
          "key": undefined,
          "nodeType": "host",
          "props": Object {
            "children": Array [
              <glamorous(glamorous(glamorous(h2)))
                alignment={
                  Object {
                    "x": "left",
                  }
                }
                background={false}
                fontColour="#e665bf"
                fontName="TheSun-HeavyCondensed"
                inline={true}
              >
                highlight
              </glamorous(glamorous(glamorous(h2)))>,
              <glamorous(glamorous(h2))
                alignment={
                  Object {
                    "x": "left",
                  }
                }
                background={false}
                fontName="TheSun-HeavyCondensed"
                inline={true}
              >
                rest of headline
              </glamorous(glamorous(h2))>,
            ],
          },
          "ref": null,
          "rendered": Array [
            Object {
              "instance": null,
              "key": undefined,
              "nodeType": "class",
              "props": Object {
                "alignment": Object {
                  "x": "left",
                },
                "background": false,
                "children": "highlight",
                "fontColour": "#e665bf",
                "fontName": "TheSun-HeavyCondensed",
                "inline": true,
              },
              "ref": null,
              "rendered": "highlight",
              "type": [Function],
            },
            Object {
              "instance": null,
              "key": undefined,
              "nodeType": "class",
              "props": Object {
                "alignment": Object {
                  "x": "left",
                },
                "background": false,
                "children": "rest of headline",
                "fontName": "TheSun-HeavyCondensed",
                "inline": true,
              },
              "ref": null,
              "rendered": "rest of headline",
              "type": [Function],
            },
          ],
          "type": "div",
        },
        "type": [Function],
      },
      Object {
        "instance": null,
        "key": undefined,
        "nodeType": "class",
        "props": Object {
          "alignment": Object {
            "x": "left",
          },
          "className": "undefined-subtitle",
          "dangerouslySetInnerHTML": Object {
            "__html": "Lorem ipsum dolor sit amet, consectetur adipiscing elit. Ut accumsan venenatis neque quis malesuada. Sed ac porta enim, vel bibendum tellus",
          },
          "hasBackground": false,
          "linkColour": "#e665bf",
        },
        "ref": null,
        "rendered": null,
        "type": [Function],
      },
    ],
    "type": "div",
  },
  Symbol(enzyme.__nodes__): Array [
    Object {
      "instance": null,
      "key": undefined,
      "nodeType": "host",
      "props": Object {
        "children": Array [
          <glamorous(div)
            alignment={
              Object {
                "x": "left",
              }
            }
            background={false}
            className="undefined-inner"
            inline={true}
            theme={
              Object {
                "primary": "#e665bf",
                "secondary": "#a6498a",
              }
            }
          >
            <div>
              <glamorous(glamorous(glamorous(h2)))
                alignment={
                  Object {
                    "x": "left",
                  }
                }
                background={false}
                fontColour="#e665bf"
                fontName="TheSun-HeavyCondensed"
                inline={true}
              >
                highlight
              </glamorous(glamorous(glamorous(h2)))>
              <glamorous(glamorous(h2))
                alignment={
                  Object {
                    "x": "left",
                  }
                }
                background={false}
                fontName="TheSun-HeavyCondensed"
                inline={true}
              >
                rest of headline
              </glamorous(glamorous(h2))>
            </div>
          </glamorous(div)>,
          <glamorous(glamorous(glamorous.P))
            alignment={
              Object {
                "x": "left",
              }
            }
            className="undefined-subtitle"
            dangerouslySetInnerHTML={
              Object {
                "__html": "Lorem ipsum dolor sit amet, consectetur adipiscing elit. Ut accumsan venenatis neque quis malesuada. Sed ac porta enim, vel bibendum tellus",
              }
            }
            hasBackground={false}
            linkColour="#e665bf"
          />,
        ],
        "className": undefined,
      },
      "ref": null,
      "rendered": Array [
        Object {
          "instance": null,
          "key": undefined,
          "nodeType": "class",
          "props": Object {
            "alignment": Object {
              "x": "left",
            },
            "background": false,
            "children": <div>
              <glamorous(glamorous(glamorous(h2)))
                alignment={
                  Object {
                    "x": "left",
                  }
                }
                background={false}
                fontColour="#e665bf"
                fontName="TheSun-HeavyCondensed"
                inline={true}
              >
                highlight
              </glamorous(glamorous(glamorous(h2)))>
              <glamorous(glamorous(h2))
                alignment={
                  Object {
                    "x": "left",
                  }
                }
                background={false}
                fontName="TheSun-HeavyCondensed"
                inline={true}
              >
                rest of headline
              </glamorous(glamorous(h2))>
            </div>,
            "className": "undefined-inner",
            "inline": true,
            "theme": Object {
              "primary": "#e665bf",
              "secondary": "#a6498a",
            },
          },
          "ref": null,
          "rendered": Object {
            "instance": null,
            "key": undefined,
            "nodeType": "host",
            "props": Object {
              "children": Array [
                <glamorous(glamorous(glamorous(h2)))
                  alignment={
                    Object {
                      "x": "left",
                    }
                  }
                  background={false}
                  fontColour="#e665bf"
                  fontName="TheSun-HeavyCondensed"
                  inline={true}
                >
                  highlight
                </glamorous(glamorous(glamorous(h2)))>,
                <glamorous(glamorous(h2))
                  alignment={
                    Object {
                      "x": "left",
                    }
                  }
                  background={false}
                  fontName="TheSun-HeavyCondensed"
                  inline={true}
                >
                  rest of headline
                </glamorous(glamorous(h2))>,
              ],
            },
            "ref": null,
            "rendered": Array [
              Object {
                "instance": null,
                "key": undefined,
                "nodeType": "class",
                "props": Object {
                  "alignment": Object {
                    "x": "left",
                  },
                  "background": false,
                  "children": "highlight",
                  "fontColour": "#e665bf",
                  "fontName": "TheSun-HeavyCondensed",
                  "inline": true,
                },
                "ref": null,
                "rendered": "highlight",
                "type": [Function],
              },
              Object {
                "instance": null,
                "key": undefined,
                "nodeType": "class",
                "props": Object {
                  "alignment": Object {
                    "x": "left",
                  },
                  "background": false,
                  "children": "rest of headline",
                  "fontName": "TheSun-HeavyCondensed",
                  "inline": true,
                },
                "ref": null,
                "rendered": "rest of headline",
                "type": [Function],
              },
            ],
            "type": "div",
          },
          "type": [Function],
        },
        Object {
          "instance": null,
          "key": undefined,
          "nodeType": "class",
          "props": Object {
            "alignment": Object {
              "x": "left",
            },
            "className": "undefined-subtitle",
            "dangerouslySetInnerHTML": Object {
              "__html": "Lorem ipsum dolor sit amet, consectetur adipiscing elit. Ut accumsan venenatis neque quis malesuada. Sed ac porta enim, vel bibendum tellus",
            },
            "hasBackground": false,
            "linkColour": "#e665bf",
          },
          "ref": null,
          "rendered": null,
          "type": [Function],
        },
      ],
      "type": "div",
    },
  ],
  Symbol(enzyme.__options__): Object {
    "adapter": ReactSixteenAdapter {
      "options": Object {
        "enableComponentDidUpdateOnSetState": true,
        "lifecycles": Object {
          "componentDidUpdate": Object {
            "onSetState": true,
          },
          "getDerivedStateFromProps": true,
          "getSnapshotBeforeUpdate": true,
          "setState": Object {
            "skipsComponentDidUpdateOnNullish": true,
          },
        },
      },
    },
  },
}
`;
