// Jest Snapshot v1, https://goo.gl/fbAQLP

exports[`<Controls /> renders correctly 1`] = `
ShallowWrapper {
  Symbol(enzyme.__root__): [Circular],
  Symbol(enzyme.__unrendered__): <Unknown
    currentPlayer={
      Object {
        "age": 31,
        "club": "Barcelona",
        "clubBadge": "https://www.thesun.co.uk/wp-content/uploads/2018/07/chelsea_@2x.png",
        "fee": "Â£100m",
        "fname": "lionel",
        "id": "l_messi",
        "idx": 0,
        "imageDesktop": "https://www.thesun.co.uk/wp-content/uploads/2018/07/WILLIAN_desktop_@2x.jpg",
        "imageMobile": "https://www.thesun.co.uk/wp-content/uploads/2018/07/WILLIAN_mobile_@2x.jpg",
        "position": "CF",
        "sName": "messi",
      }
    }
    onCastVote={[Function]}
  />,
  Symbol(enzyme.__renderer__): Object {
    "batchedUpdates": [Function],
    "getNode": [Function],
    "render": [Function],
    "simulateError": [Function],
    "simulateEvent": [Function],
    "unmount": [Function],
  },
  Symbol(enzyme.__node__): Object {
    "instance": null,
    "key": undefined,
    "nodeType": "class",
    "props": Object {
      "children": Array [
        <ButtonCta
          bkgndBottom="#9f041b"
          bkgndTop="#ed283a"
          className="ttt-button-no"
          iconName="cross-solid"
          onClick={[Function]}
        />,
        <ButtonCta
          bkgndBottom="#6cb71b"
          bkgndTop="#a5dc39"
          className="ttt-button-yes"
          iconName="tick-solid"
          onClick={[Function]}
        />,
      ],
    },
    "ref": null,
    "rendered": Array [
      Object {
        "instance": null,
        "key": undefined,
        "nodeType": "function",
        "props": Object {
          "bkgndBottom": "#9f041b",
          "bkgndTop": "#ed283a",
          "className": "ttt-button-no",
          "iconName": "cross-solid",
          "onClick": [Function],
        },
        "ref": null,
        "rendered": null,
        "type": [Function],
      },
      Object {
        "instance": null,
        "key": undefined,
        "nodeType": "function",
        "props": Object {
          "bkgndBottom": "#6cb71b",
          "bkgndTop": "#a5dc39",
          "className": "ttt-button-yes",
          "iconName": "tick-solid",
          "onClick": [Function],
        },
        "ref": null,
        "rendered": null,
        "type": [Function],
      },
    ],
    "type": [Function],
  },
  Symbol(enzyme.__nodes__): Array [
    Object {
      "instance": null,
      "key": undefined,
      "nodeType": "class",
      "props": Object {
        "children": Array [
          <ButtonCta
            bkgndBottom="#9f041b"
            bkgndTop="#ed283a"
            className="ttt-button-no"
            iconName="cross-solid"
            onClick={[Function]}
          />,
          <ButtonCta
            bkgndBottom="#6cb71b"
            bkgndTop="#a5dc39"
            className="ttt-button-yes"
            iconName="tick-solid"
            onClick={[Function]}
          />,
        ],
      },
      "ref": null,
      "rendered": Array [
        Object {
          "instance": null,
          "key": undefined,
          "nodeType": "function",
          "props": Object {
            "bkgndBottom": "#9f041b",
            "bkgndTop": "#ed283a",
            "className": "ttt-button-no",
            "iconName": "cross-solid",
            "onClick": [Function],
          },
          "ref": null,
          "rendered": null,
          "type": [Function],
        },
        Object {
          "instance": null,
          "key": undefined,
          "nodeType": "function",
          "props": Object {
            "bkgndBottom": "#6cb71b",
            "bkgndTop": "#a5dc39",
            "className": "ttt-button-yes",
            "iconName": "tick-solid",
            "onClick": [Function],
          },
          "ref": null,
          "rendered": null,
          "type": [Function],
        },
      ],
      "type": [Function],
    },
  ],
  Symbol(enzyme.__options__): Object {
    "adapter": ReactSixteenAdapter {
      "options": Object {
        "enableComponentDidUpdateOnSetState": true,
        "lifecycles": Object {
          "componentDidUpdate": Object {
            "onSetState": true,
          },
          "getDerivedStateFromProps": true,
          "getSnapshotBeforeUpdate": true,
          "setState": Object {
            "skipsComponentDidUpdateOnNullish": true,
          },
        },
      },
    },
  },
}
`;
