// Jest Snapshot v1, https://goo.gl/fbAQLP

exports[`<Banner /> renders correctly 1`] = `
ShallowWrapper {
  Symbol(enzyme.__root__): [Circular],
  Symbol(enzyme.__unrendered__): <Banner />,
  Symbol(enzyme.__renderer__): Object {
    "batchedUpdates": [Function],
    "getNode": [Function],
    "render": [Function],
    "simulateError": [Function],
    "simulateEvent": [Function],
    "unmount": [Function],
  },
  Symbol(enzyme.__node__): Object {
    "instance": null,
    "key": undefined,
    "nodeType": "host",
    "props": Object {
      "children": <glamorous(a)
        href="https://www.sunbets.co.uk/sunsix?n=101&b=19079960&c=3&utm_source=22&utm_medium=3&utm_content=%3Fpayload%3Dfootball_predictor&utm_campaign=101"
      >
        <glamorous(img)
          alt="Get six scores right & WIN £1 MILLION"
          src="https://www.thesun.co.uk/wp-content/uploads/2018/03/pod-fixtures-fullbanner1.png"
        />
      </glamorous(a)>,
    },
    "ref": null,
    "rendered": Object {
      "instance": null,
      "key": undefined,
      "nodeType": "class",
      "props": Object {
        "children": <glamorous(img)
          alt="Get six scores right & WIN £1 MILLION"
          src="https://www.thesun.co.uk/wp-content/uploads/2018/03/pod-fixtures-fullbanner1.png"
        />,
        "href": "https://www.sunbets.co.uk/sunsix?n=101&b=19079960&c=3&utm_source=22&utm_medium=3&utm_content=%3Fpayload%3Dfootball_predictor&utm_campaign=101",
      },
      "ref": null,
      "rendered": Object {
        "instance": null,
        "key": undefined,
        "nodeType": "class",
        "props": Object {
          "alt": "Get six scores right & WIN £1 MILLION",
          "src": "https://www.thesun.co.uk/wp-content/uploads/2018/03/pod-fixtures-fullbanner1.png",
        },
        "ref": null,
        "rendered": null,
        "type": [Function],
      },
      "type": [Function],
    },
    "type": "div",
  },
  Symbol(enzyme.__nodes__): Array [
    Object {
      "instance": null,
      "key": undefined,
      "nodeType": "host",
      "props": Object {
        "children": <glamorous(a)
          href="https://www.sunbets.co.uk/sunsix?n=101&b=19079960&c=3&utm_source=22&utm_medium=3&utm_content=%3Fpayload%3Dfootball_predictor&utm_campaign=101"
        >
          <glamorous(img)
            alt="Get six scores right & WIN £1 MILLION"
            src="https://www.thesun.co.uk/wp-content/uploads/2018/03/pod-fixtures-fullbanner1.png"
          />
        </glamorous(a)>,
      },
      "ref": null,
      "rendered": Object {
        "instance": null,
        "key": undefined,
        "nodeType": "class",
        "props": Object {
          "children": <glamorous(img)
            alt="Get six scores right & WIN £1 MILLION"
            src="https://www.thesun.co.uk/wp-content/uploads/2018/03/pod-fixtures-fullbanner1.png"
          />,
          "href": "https://www.sunbets.co.uk/sunsix?n=101&b=19079960&c=3&utm_source=22&utm_medium=3&utm_content=%3Fpayload%3Dfootball_predictor&utm_campaign=101",
        },
        "ref": null,
        "rendered": Object {
          "instance": null,
          "key": undefined,
          "nodeType": "class",
          "props": Object {
            "alt": "Get six scores right & WIN £1 MILLION",
            "src": "https://www.thesun.co.uk/wp-content/uploads/2018/03/pod-fixtures-fullbanner1.png",
          },
          "ref": null,
          "rendered": null,
          "type": [Function],
        },
        "type": [Function],
      },
      "type": "div",
    },
  ],
  Symbol(enzyme.__options__): Object {
    "adapter": ReactSixteenAdapter {
      "options": Object {
        "enableComponentDidUpdateOnSetState": true,
        "lifecycles": Object {
          "componentDidUpdate": Object {
            "onSetState": true,
          },
          "getDerivedStateFromProps": true,
          "getSnapshotBeforeUpdate": true,
          "setState": Object {
            "skipsComponentDidUpdateOnNullish": true,
          },
        },
      },
    },
  },
}
`;
