// Jest Snapshot v1, https://goo.gl/fbAQLP

exports[`<EndScreen /> renders correctly 1`] = `
ShallowWrapper {
  Symbol(enzyme.__root__): [Circular],
  Symbol(enzyme.__unrendered__): <Unknown
    onCloseScreen={[Function]}
    onGoToUrl={[Function]}
  />,
  Symbol(enzyme.__renderer__): Object {
    "batchedUpdates": [Function],
    "getNode": [Function],
    "render": [Function],
    "simulateError": [Function],
    "simulateEvent": [Function],
    "unmount": [Function],
  },
  Symbol(enzyme.__node__): Object {
    "instance": null,
    "key": undefined,
    "nodeType": "class",
    "props": Object {
      "children": <glamorous(div)>
        <glamorous(img)
          alt="The Sun Six"
          src="https://www.thesun.co.uk/wp-content/uploads/2018/03/ianwright.png"
        />
        <glamorous(p)>
          Get six scores right
          <br />
          this weekend &
        </glamorous(p)>
        <glamorous(p)
          fontbold={true}
          fontsize={34}
          lineheight={1.2}
        >
          WIN £1 MILLION
        </glamorous(p)>
        <glamorous(button)
          background="#459977"
          fullWidth={true}
          onClick={[Function]}
        >
          Play now for free
        </glamorous(button)>
        <glamorous(a)
          onClick={[Function]}
        >
          No thanks
        </glamorous(a)>
      </glamorous(div)>,
    },
    "ref": null,
    "rendered": Object {
      "instance": null,
      "key": undefined,
      "nodeType": "class",
      "props": Object {
        "children": Array [
          <glamorous(img)
            alt="The Sun Six"
            src="https://www.thesun.co.uk/wp-content/uploads/2018/03/ianwright.png"
          />,
          <glamorous(p)>
            Get six scores right
            <br />
            this weekend &
          </glamorous(p)>,
          <glamorous(p)
            fontbold={true}
            fontsize={34}
            lineheight={1.2}
          >
            WIN £1 MILLION
          </glamorous(p)>,
          <glamorous(button)
            background="#459977"
            fullWidth={true}
            onClick={[Function]}
          >
            Play now for free
          </glamorous(button)>,
          <glamorous(a)
            onClick={[Function]}
          >
            No thanks
          </glamorous(a)>,
        ],
      },
      "ref": null,
      "rendered": Array [
        Object {
          "instance": null,
          "key": undefined,
          "nodeType": "class",
          "props": Object {
            "alt": "The Sun Six",
            "src": "https://www.thesun.co.uk/wp-content/uploads/2018/03/ianwright.png",
          },
          "ref": null,
          "rendered": null,
          "type": [Function],
        },
        Object {
          "instance": null,
          "key": undefined,
          "nodeType": "class",
          "props": Object {
            "children": Array [
              "Get six scores right",
              <br />,
              "this weekend &",
            ],
          },
          "ref": null,
          "rendered": Array [
            "Get six scores right",
            Object {
              "instance": null,
              "key": undefined,
              "nodeType": "host",
              "props": Object {},
              "ref": null,
              "rendered": null,
              "type": "br",
            },
            "this weekend &",
          ],
          "type": [Function],
        },
        Object {
          "instance": null,
          "key": undefined,
          "nodeType": "class",
          "props": Object {
            "children": "WIN £1 MILLION",
            "fontbold": true,
            "fontsize": 34,
            "lineheight": 1.2,
          },
          "ref": null,
          "rendered": "WIN £1 MILLION",
          "type": [Function],
        },
        Object {
          "instance": null,
          "key": undefined,
          "nodeType": "class",
          "props": Object {
            "background": "#459977",
            "children": "Play now for free",
            "fullWidth": true,
            "onClick": [Function],
          },
          "ref": null,
          "rendered": "Play now for free",
          "type": [Function],
        },
        Object {
          "instance": null,
          "key": undefined,
          "nodeType": "class",
          "props": Object {
            "children": "No thanks",
            "onClick": [Function],
          },
          "ref": null,
          "rendered": "No thanks",
          "type": [Function],
        },
      ],
      "type": [Function],
    },
    "type": [Function],
  },
  Symbol(enzyme.__nodes__): Array [
    Object {
      "instance": null,
      "key": undefined,
      "nodeType": "class",
      "props": Object {
        "children": <glamorous(div)>
          <glamorous(img)
            alt="The Sun Six"
            src="https://www.thesun.co.uk/wp-content/uploads/2018/03/ianwright.png"
          />
          <glamorous(p)>
            Get six scores right
            <br />
            this weekend &
          </glamorous(p)>
          <glamorous(p)
            fontbold={true}
            fontsize={34}
            lineheight={1.2}
          >
            WIN £1 MILLION
          </glamorous(p)>
          <glamorous(button)
            background="#459977"
            fullWidth={true}
            onClick={[Function]}
          >
            Play now for free
          </glamorous(button)>
          <glamorous(a)
            onClick={[Function]}
          >
            No thanks
          </glamorous(a)>
        </glamorous(div)>,
      },
      "ref": null,
      "rendered": Object {
        "instance": null,
        "key": undefined,
        "nodeType": "class",
        "props": Object {
          "children": Array [
            <glamorous(img)
              alt="The Sun Six"
              src="https://www.thesun.co.uk/wp-content/uploads/2018/03/ianwright.png"
            />,
            <glamorous(p)>
              Get six scores right
              <br />
              this weekend &
            </glamorous(p)>,
            <glamorous(p)
              fontbold={true}
              fontsize={34}
              lineheight={1.2}
            >
              WIN £1 MILLION
            </glamorous(p)>,
            <glamorous(button)
              background="#459977"
              fullWidth={true}
              onClick={[Function]}
            >
              Play now for free
            </glamorous(button)>,
            <glamorous(a)
              onClick={[Function]}
            >
              No thanks
            </glamorous(a)>,
          ],
        },
        "ref": null,
        "rendered": Array [
          Object {
            "instance": null,
            "key": undefined,
            "nodeType": "class",
            "props": Object {
              "alt": "The Sun Six",
              "src": "https://www.thesun.co.uk/wp-content/uploads/2018/03/ianwright.png",
            },
            "ref": null,
            "rendered": null,
            "type": [Function],
          },
          Object {
            "instance": null,
            "key": undefined,
            "nodeType": "class",
            "props": Object {
              "children": Array [
                "Get six scores right",
                <br />,
                "this weekend &",
              ],
            },
            "ref": null,
            "rendered": Array [
              "Get six scores right",
              Object {
                "instance": null,
                "key": undefined,
                "nodeType": "host",
                "props": Object {},
                "ref": null,
                "rendered": null,
                "type": "br",
              },
              "this weekend &",
            ],
            "type": [Function],
          },
          Object {
            "instance": null,
            "key": undefined,
            "nodeType": "class",
            "props": Object {
              "children": "WIN £1 MILLION",
              "fontbold": true,
              "fontsize": 34,
              "lineheight": 1.2,
            },
            "ref": null,
            "rendered": "WIN £1 MILLION",
            "type": [Function],
          },
          Object {
            "instance": null,
            "key": undefined,
            "nodeType": "class",
            "props": Object {
              "background": "#459977",
              "children": "Play now for free",
              "fullWidth": true,
              "onClick": [Function],
            },
            "ref": null,
            "rendered": "Play now for free",
            "type": [Function],
          },
          Object {
            "instance": null,
            "key": undefined,
            "nodeType": "class",
            "props": Object {
              "children": "No thanks",
              "onClick": [Function],
            },
            "ref": null,
            "rendered": "No thanks",
            "type": [Function],
          },
        ],
        "type": [Function],
      },
      "type": [Function],
    },
  ],
  Symbol(enzyme.__options__): Object {
    "adapter": ReactSixteenAdapter {
      "options": Object {
        "enableComponentDidUpdateOnSetState": true,
        "lifecycles": Object {
          "componentDidUpdate": Object {
            "onSetState": true,
          },
          "getDerivedStateFromProps": true,
          "getSnapshotBeforeUpdate": true,
          "setState": Object {
            "skipsComponentDidUpdateOnNullish": true,
          },
        },
      },
    },
  },
}
`;
