// Jest Snapshot v1, https://goo.gl/fbAQLP

exports[`<IntroScreen /> renders correctly 1`] = `
ShallowWrapper {
  Symbol(enzyme.__root__): [Circular],
  Symbol(enzyme.__unrendered__): <Unknown
    cta="Read more from:"
    ctaLink="#MOVEMBER"
    ctaUrl="http://www.thesun.co.uk"
    imageDesktop=""
    imageMobile="https://www.thesun.co.uk/wp-content/uploads/2018/10/IntroScreen@2.png"
    introText={
      Array [
        "Jeremy Kyle needs help picking his moustache style.",
        "Flick through the gallery of images and vote on your favourite at the end.",
      ]
    }
    title="Jeremy Styles"
  />,
  Symbol(enzyme.__renderer__): Object {
    "batchedUpdates": [Function],
    "getNode": [Function],
    "render": [Function],
    "simulateError": [Function],
    "simulateEvent": [Function],
    "unmount": [Function],
  },
  Symbol(enzyme.__node__): Object {
    "instance": null,
    "key": undefined,
    "nodeType": "class",
    "props": Object {
      "children": Array [
        <glamorous(div)
          imageDesktop=""
          imageMobile="https://www.thesun.co.uk/wp-content/uploads/2018/10/IntroScreen@2.png"
        />,
        <glamorous(div)>
          <glamorous(glamorous(h2))>
            Jeremy Styles
          </glamorous(glamorous(h2))>
          <glamorous(glamorous(glamorous.P))>
            Jeremy Kyle needs help picking his moustache style.
          </glamorous(glamorous(glamorous.P))>
          <glamorous(glamorous(glamorous.P))>
            Flick through the gallery of images and vote on your favourite at the end.
          </glamorous(glamorous(glamorous.P))>
          <glamorous(glamorous(glamorous.P))>
            <glamorous(a)
              href="http://www.thesun.co.uk"
            >
              Read more from:
               
              <glamorous(span)>
                #MOVEMBER
              </glamorous(span)>
            </glamorous(a)>
          </glamorous(glamorous(glamorous.P))>
        </glamorous(div)>,
      ],
    },
    "ref": null,
    "rendered": Array [
      Object {
        "instance": null,
        "key": undefined,
        "nodeType": "class",
        "props": Object {
          "imageDesktop": "",
          "imageMobile": "https://www.thesun.co.uk/wp-content/uploads/2018/10/IntroScreen@2.png",
        },
        "ref": null,
        "rendered": null,
        "type": [Function],
      },
      Object {
        "instance": null,
        "key": undefined,
        "nodeType": "class",
        "props": Object {
          "children": Array [
            <glamorous(glamorous(h2))>
              Jeremy Styles
            </glamorous(glamorous(h2))>,
            Array [
              <glamorous(glamorous(glamorous.P))>
                Jeremy Kyle needs help picking his moustache style.
              </glamorous(glamorous(glamorous.P))>,
              <glamorous(glamorous(glamorous.P))>
                Flick through the gallery of images and vote on your favourite at the end.
              </glamorous(glamorous(glamorous.P))>,
            ],
            <glamorous(glamorous(glamorous.P))>
              <glamorous(a)
                href="http://www.thesun.co.uk"
              >
                Read more from:
                 
                <glamorous(span)>
                  #MOVEMBER
                </glamorous(span)>
              </glamorous(a)>
            </glamorous(glamorous(glamorous.P))>,
          ],
        },
        "ref": null,
        "rendered": Array [
          Object {
            "instance": null,
            "key": undefined,
            "nodeType": "class",
            "props": Object {
              "children": "Jeremy Styles",
            },
            "ref": null,
            "rendered": "Jeremy Styles",
            "type": [Function],
          },
          Object {
            "instance": null,
            "key": "0",
            "nodeType": "class",
            "props": Object {
              "children": "Jeremy Kyle needs help picking his moustache style.",
            },
            "ref": null,
            "rendered": "Jeremy Kyle needs help picking his moustache style.",
            "type": [Function],
          },
          Object {
            "instance": null,
            "key": "1",
            "nodeType": "class",
            "props": Object {
              "children": "Flick through the gallery of images and vote on your favourite at the end.",
            },
            "ref": null,
            "rendered": "Flick through the gallery of images and vote on your favourite at the end.",
            "type": [Function],
          },
          Object {
            "instance": null,
            "key": undefined,
            "nodeType": "class",
            "props": Object {
              "children": <glamorous(a)
                href="http://www.thesun.co.uk"
              >
                Read more from:
                 
                <glamorous(span)>
                  #MOVEMBER
                </glamorous(span)>
              </glamorous(a)>,
            },
            "ref": null,
            "rendered": Object {
              "instance": null,
              "key": undefined,
              "nodeType": "class",
              "props": Object {
                "children": Array [
                  "Read more from:",
                  " ",
                  <glamorous(span)>
                    #MOVEMBER
                  </glamorous(span)>,
                ],
                "href": "http://www.thesun.co.uk",
              },
              "ref": null,
              "rendered": Array [
                "Read more from:",
                " ",
                Object {
                  "instance": null,
                  "key": undefined,
                  "nodeType": "class",
                  "props": Object {
                    "children": "#MOVEMBER",
                  },
                  "ref": null,
                  "rendered": "#MOVEMBER",
                  "type": [Function],
                },
              ],
              "type": [Function],
            },
            "type": [Function],
          },
        ],
        "type": [Function],
      },
    ],
    "type": [Function],
  },
  Symbol(enzyme.__nodes__): Array [
    Object {
      "instance": null,
      "key": undefined,
      "nodeType": "class",
      "props": Object {
        "children": Array [
          <glamorous(div)
            imageDesktop=""
            imageMobile="https://www.thesun.co.uk/wp-content/uploads/2018/10/IntroScreen@2.png"
          />,
          <glamorous(div)>
            <glamorous(glamorous(h2))>
              Jeremy Styles
            </glamorous(glamorous(h2))>
            <glamorous(glamorous(glamorous.P))>
              Jeremy Kyle needs help picking his moustache style.
            </glamorous(glamorous(glamorous.P))>
            <glamorous(glamorous(glamorous.P))>
              Flick through the gallery of images and vote on your favourite at the end.
            </glamorous(glamorous(glamorous.P))>
            <glamorous(glamorous(glamorous.P))>
              <glamorous(a)
                href="http://www.thesun.co.uk"
              >
                Read more from:
                 
                <glamorous(span)>
                  #MOVEMBER
                </glamorous(span)>
              </glamorous(a)>
            </glamorous(glamorous(glamorous.P))>
          </glamorous(div)>,
        ],
      },
      "ref": null,
      "rendered": Array [
        Object {
          "instance": null,
          "key": undefined,
          "nodeType": "class",
          "props": Object {
            "imageDesktop": "",
            "imageMobile": "https://www.thesun.co.uk/wp-content/uploads/2018/10/IntroScreen@2.png",
          },
          "ref": null,
          "rendered": null,
          "type": [Function],
        },
        Object {
          "instance": null,
          "key": undefined,
          "nodeType": "class",
          "props": Object {
            "children": Array [
              <glamorous(glamorous(h2))>
                Jeremy Styles
              </glamorous(glamorous(h2))>,
              Array [
                <glamorous(glamorous(glamorous.P))>
                  Jeremy Kyle needs help picking his moustache style.
                </glamorous(glamorous(glamorous.P))>,
                <glamorous(glamorous(glamorous.P))>
                  Flick through the gallery of images and vote on your favourite at the end.
                </glamorous(glamorous(glamorous.P))>,
              ],
              <glamorous(glamorous(glamorous.P))>
                <glamorous(a)
                  href="http://www.thesun.co.uk"
                >
                  Read more from:
                   
                  <glamorous(span)>
                    #MOVEMBER
                  </glamorous(span)>
                </glamorous(a)>
              </glamorous(glamorous(glamorous.P))>,
            ],
          },
          "ref": null,
          "rendered": Array [
            Object {
              "instance": null,
              "key": undefined,
              "nodeType": "class",
              "props": Object {
                "children": "Jeremy Styles",
              },
              "ref": null,
              "rendered": "Jeremy Styles",
              "type": [Function],
            },
            Object {
              "instance": null,
              "key": "0",
              "nodeType": "class",
              "props": Object {
                "children": "Jeremy Kyle needs help picking his moustache style.",
              },
              "ref": null,
              "rendered": "Jeremy Kyle needs help picking his moustache style.",
              "type": [Function],
            },
            Object {
              "instance": null,
              "key": "1",
              "nodeType": "class",
              "props": Object {
                "children": "Flick through the gallery of images and vote on your favourite at the end.",
              },
              "ref": null,
              "rendered": "Flick through the gallery of images and vote on your favourite at the end.",
              "type": [Function],
            },
            Object {
              "instance": null,
              "key": undefined,
              "nodeType": "class",
              "props": Object {
                "children": <glamorous(a)
                  href="http://www.thesun.co.uk"
                >
                  Read more from:
                   
                  <glamorous(span)>
                    #MOVEMBER
                  </glamorous(span)>
                </glamorous(a)>,
              },
              "ref": null,
              "rendered": Object {
                "instance": null,
                "key": undefined,
                "nodeType": "class",
                "props": Object {
                  "children": Array [
                    "Read more from:",
                    " ",
                    <glamorous(span)>
                      #MOVEMBER
                    </glamorous(span)>,
                  ],
                  "href": "http://www.thesun.co.uk",
                },
                "ref": null,
                "rendered": Array [
                  "Read more from:",
                  " ",
                  Object {
                    "instance": null,
                    "key": undefined,
                    "nodeType": "class",
                    "props": Object {
                      "children": "#MOVEMBER",
                    },
                    "ref": null,
                    "rendered": "#MOVEMBER",
                    "type": [Function],
                  },
                ],
                "type": [Function],
              },
              "type": [Function],
            },
          ],
          "type": [Function],
        },
      ],
      "type": [Function],
    },
  ],
  Symbol(enzyme.__options__): Object {
    "adapter": ReactSixteenAdapter {
      "options": Object {
        "enableComponentDidUpdateOnSetState": true,
        "lifecycles": Object {
          "componentDidUpdate": Object {
            "onSetState": true,
          },
          "getDerivedStateFromProps": true,
          "getSnapshotBeforeUpdate": true,
          "setState": Object {
            "skipsComponentDidUpdateOnNullish": true,
          },
        },
      },
    },
  },
}
`;
