// Jest Snapshot v1, https://goo.gl/fbAQLP

exports[`<ResultsScreen /> UI renders correctly 1`] = `
ShallowWrapper {
  Symbol(enzyme.__root__): [Circular],
  Symbol(enzyme.__unrendered__): <Unknown
    bkgndImgDesktop=""
    bkgndImgMobile="https://www.thesun.co.uk/wp-content/uploads/2018/10/handlebar.jpg"
    cta="Read more from:"
    ctaLink="#MOVEMBER"
    ctaTxt="Thanks for voting!"
    ctaUrl="http://www.thesun.co.uk"
    introTxt="Here’s what everyone else thought, did you agree with the others?"
    options={
      Array [
        Object {
          "copy": "Looks a bit more Bruce Forsyth than Tom Selleck...",
          "iconImg": "https://www.thesun.co.uk/wp-content/uploads/2018/10/Chevron.png",
          "id": "chevron",
          "imageDesktop": "",
          "imageMobile": "https://www.thesun.co.uk/wp-content/uploads/2018/10/handlebar.jpg",
          "title": "The Chevron",
          "voteCount": Object {
            "noVoteCount": 5,
            "player": "The Chevron",
            "voteCount": 2,
          },
        },
        Object {
          "copy": "Get a grip!",
          "iconImg": "https://www.thesun.co.uk/wp-content/uploads/2018/10/Handlebar.png",
          "id": "handlebar",
          "imageDesktop": "",
          "imageMobile": "",
          "title": "The Handlebar",
          "voteCount": Object {
            "noVoteCount": 2,
            "player": "The Handlebar",
            "voteCount": 5,
          },
        },
        Object {
          "copy": "Hulk Hogan would be proud",
          "iconImg": "https://www.thesun.co.uk/wp-content/uploads/2018/10/Horseshoe.png",
          "id": "horsehoe",
          "imageDesktop": "",
          "imageMobile": "",
          "title": "The Horseshoe",
          "voteCount": Object {
            "noVoteCount": 4,
            "player": "The Horseshoe",
            "voteCount": 3,
          },
        },
        Object {
          "copy": "Work it out with this",
          "iconImg": "https://www.thesun.co.uk/wp-content/uploads/2018/10/Pencil.png",
          "id": "pencil",
          "imageDesktop": "",
          "imageMobile": "",
          "title": "The Pencil",
          "voteCount": Object {
            "noVoteCount": 3,
            "player": "The Pencil",
            "voteCount": 4,
          },
        },
      ]
    }
    theme={
      Object {
        "primary": "#000000",
        "secondary": "#ffffff",
      }
    }
    title="The Results"
  />,
  Symbol(enzyme.__renderer__): Object {
    "batchedUpdates": [Function],
    "getNode": [Function],
    "render": [Function],
    "simulateError": [Function],
    "simulateEvent": [Function],
    "unmount": [Function],
  },
  Symbol(enzyme.__node__): Object {
    "instance": null,
    "key": undefined,
    "nodeType": "class",
    "props": Object {
      "children": Array [
        <glamorous(div)
          imageDesktop=""
          imageMobile="https://www.thesun.co.uk/wp-content/uploads/2018/10/handlebar.jpg"
        />,
        <glamorous(div) />,
        <glamorous(div) />,
        <glamorous(div)>
          <glamorous(glamorous(glamorous(h2)))>
            The Results
          </glamorous(glamorous(glamorous(h2)))>
          <glamorous(glamorous(glamorous.P))
            textAlign="left"
          >
            Here’s what everyone else thought, did you agree with the others?
          </glamorous(glamorous(glamorous.P))>
          <glamorous(div)>
            <ChartHorizontalBar
              data={
                Array [
                  Object {
                    "iconImg": "https://www.thesun.co.uk/wp-content/uploads/2018/10/Chevron.png",
                    "noVoteCount": 5,
                    "player": "The Chevron",
                    "voteCount": 2,
                    "votePercentage": 14,
                  },
                  Object {
                    "iconImg": "https://www.thesun.co.uk/wp-content/uploads/2018/10/Handlebar.png",
                    "noVoteCount": 2,
                    "player": "The Handlebar",
                    "voteCount": 5,
                    "votePercentage": 36,
                  },
                  Object {
                    "iconImg": "https://www.thesun.co.uk/wp-content/uploads/2018/10/Horseshoe.png",
                    "noVoteCount": 4,
                    "player": "The Horseshoe",
                    "voteCount": 3,
                    "votePercentage": 21,
                  },
                  Object {
                    "iconImg": "https://www.thesun.co.uk/wp-content/uploads/2018/10/Pencil.png",
                    "noVoteCount": 3,
                    "player": "The Pencil",
                    "voteCount": 4,
                    "votePercentage": 29,
                  },
                ]
              }
              theme={
                Object {
                  "primary": "#000000",
                  "secondary": "#ffffff",
                }
              }
            />
          </glamorous(div)>
          <glamorous(glamorous(glamorous(glamorous(h2))))>
            Thanks for voting!
          </glamorous(glamorous(glamorous(glamorous(h2))))>
          <glamorous(glamorous(glamorous.P))>
            <glamorous(a)
              href="http://www.thesun.co.uk"
            >
              Read more from:
               
              <glamorous(span)>
                #MOVEMBER
              </glamorous(span)>
            </glamorous(a)>
          </glamorous(glamorous(glamorous.P))>
        </glamorous(div)>,
      ],
    },
    "ref": null,
    "rendered": Array [
      Object {
        "instance": null,
        "key": undefined,
        "nodeType": "class",
        "props": Object {
          "imageDesktop": "",
          "imageMobile": "https://www.thesun.co.uk/wp-content/uploads/2018/10/handlebar.jpg",
        },
        "ref": null,
        "rendered": null,
        "type": [Function],
      },
      Object {
        "instance": null,
        "key": undefined,
        "nodeType": "class",
        "props": Object {},
        "ref": null,
        "rendered": null,
        "type": [Function],
      },
      Object {
        "instance": null,
        "key": undefined,
        "nodeType": "class",
        "props": Object {},
        "ref": null,
        "rendered": null,
        "type": [Function],
      },
      Object {
        "instance": null,
        "key": undefined,
        "nodeType": "class",
        "props": Object {
          "children": Array [
            <glamorous(glamorous(glamorous(h2)))>
              The Results
            </glamorous(glamorous(glamorous(h2)))>,
            <glamorous(glamorous(glamorous.P))
              textAlign="left"
            >
              Here’s what everyone else thought, did you agree with the others?
            </glamorous(glamorous(glamorous.P))>,
            <glamorous(div)>
              <ChartHorizontalBar
                data={
                  Array [
                    Object {
                      "iconImg": "https://www.thesun.co.uk/wp-content/uploads/2018/10/Chevron.png",
                      "noVoteCount": 5,
                      "player": "The Chevron",
                      "voteCount": 2,
                      "votePercentage": 14,
                    },
                    Object {
                      "iconImg": "https://www.thesun.co.uk/wp-content/uploads/2018/10/Handlebar.png",
                      "noVoteCount": 2,
                      "player": "The Handlebar",
                      "voteCount": 5,
                      "votePercentage": 36,
                    },
                    Object {
                      "iconImg": "https://www.thesun.co.uk/wp-content/uploads/2018/10/Horseshoe.png",
                      "noVoteCount": 4,
                      "player": "The Horseshoe",
                      "voteCount": 3,
                      "votePercentage": 21,
                    },
                    Object {
                      "iconImg": "https://www.thesun.co.uk/wp-content/uploads/2018/10/Pencil.png",
                      "noVoteCount": 3,
                      "player": "The Pencil",
                      "voteCount": 4,
                      "votePercentage": 29,
                    },
                  ]
                }
                theme={
                  Object {
                    "primary": "#000000",
                    "secondary": "#ffffff",
                  }
                }
              />
            </glamorous(div)>,
            <glamorous(glamorous(glamorous(glamorous(h2))))>
              Thanks for voting!
            </glamorous(glamorous(glamorous(glamorous(h2))))>,
            <glamorous(glamorous(glamorous.P))>
              <glamorous(a)
                href="http://www.thesun.co.uk"
              >
                Read more from:
                 
                <glamorous(span)>
                  #MOVEMBER
                </glamorous(span)>
              </glamorous(a)>
            </glamorous(glamorous(glamorous.P))>,
          ],
        },
        "ref": null,
        "rendered": Array [
          Object {
            "instance": null,
            "key": undefined,
            "nodeType": "class",
            "props": Object {
              "children": "The Results",
            },
            "ref": null,
            "rendered": "The Results",
            "type": [Function],
          },
          Object {
            "instance": null,
            "key": undefined,
            "nodeType": "class",
            "props": Object {
              "children": "Here’s what everyone else thought, did you agree with the others?",
              "textAlign": "left",
            },
            "ref": null,
            "rendered": "Here’s what everyone else thought, did you agree with the others?",
            "type": [Function],
          },
          Object {
            "instance": null,
            "key": undefined,
            "nodeType": "class",
            "props": Object {
              "children": <ChartHorizontalBar
                data={
                  Array [
                    Object {
                      "iconImg": "https://www.thesun.co.uk/wp-content/uploads/2018/10/Chevron.png",
                      "noVoteCount": 5,
                      "player": "The Chevron",
                      "voteCount": 2,
                      "votePercentage": 14,
                    },
                    Object {
                      "iconImg": "https://www.thesun.co.uk/wp-content/uploads/2018/10/Handlebar.png",
                      "noVoteCount": 2,
                      "player": "The Handlebar",
                      "voteCount": 5,
                      "votePercentage": 36,
                    },
                    Object {
                      "iconImg": "https://www.thesun.co.uk/wp-content/uploads/2018/10/Horseshoe.png",
                      "noVoteCount": 4,
                      "player": "The Horseshoe",
                      "voteCount": 3,
                      "votePercentage": 21,
                    },
                    Object {
                      "iconImg": "https://www.thesun.co.uk/wp-content/uploads/2018/10/Pencil.png",
                      "noVoteCount": 3,
                      "player": "The Pencil",
                      "voteCount": 4,
                      "votePercentage": 29,
                    },
                  ]
                }
                theme={
                  Object {
                    "primary": "#000000",
                    "secondary": "#ffffff",
                  }
                }
              />,
            },
            "ref": null,
            "rendered": Object {
              "instance": null,
              "key": undefined,
              "nodeType": "class",
              "props": Object {
                "data": Array [
                  Object {
                    "iconImg": "https://www.thesun.co.uk/wp-content/uploads/2018/10/Chevron.png",
                    "noVoteCount": 5,
                    "player": "The Chevron",
                    "voteCount": 2,
                    "votePercentage": 14,
                  },
                  Object {
                    "iconImg": "https://www.thesun.co.uk/wp-content/uploads/2018/10/Handlebar.png",
                    "noVoteCount": 2,
                    "player": "The Handlebar",
                    "voteCount": 5,
                    "votePercentage": 36,
                  },
                  Object {
                    "iconImg": "https://www.thesun.co.uk/wp-content/uploads/2018/10/Horseshoe.png",
                    "noVoteCount": 4,
                    "player": "The Horseshoe",
                    "voteCount": 3,
                    "votePercentage": 21,
                  },
                  Object {
                    "iconImg": "https://www.thesun.co.uk/wp-content/uploads/2018/10/Pencil.png",
                    "noVoteCount": 3,
                    "player": "The Pencil",
                    "voteCount": 4,
                    "votePercentage": 29,
                  },
                ],
                "theme": Object {
                  "primary": "#000000",
                  "secondary": "#ffffff",
                },
              },
              "ref": null,
              "rendered": null,
              "type": [Function],
            },
            "type": [Function],
          },
          Object {
            "instance": null,
            "key": undefined,
            "nodeType": "class",
            "props": Object {
              "children": "Thanks for voting!",
            },
            "ref": null,
            "rendered": "Thanks for voting!",
            "type": [Function],
          },
          Object {
            "instance": null,
            "key": undefined,
            "nodeType": "class",
            "props": Object {
              "children": <glamorous(a)
                href="http://www.thesun.co.uk"
              >
                Read more from:
                 
                <glamorous(span)>
                  #MOVEMBER
                </glamorous(span)>
              </glamorous(a)>,
            },
            "ref": null,
            "rendered": Object {
              "instance": null,
              "key": undefined,
              "nodeType": "class",
              "props": Object {
                "children": Array [
                  "Read more from:",
                  " ",
                  <glamorous(span)>
                    #MOVEMBER
                  </glamorous(span)>,
                ],
                "href": "http://www.thesun.co.uk",
              },
              "ref": null,
              "rendered": Array [
                "Read more from:",
                " ",
                Object {
                  "instance": null,
                  "key": undefined,
                  "nodeType": "class",
                  "props": Object {
                    "children": "#MOVEMBER",
                  },
                  "ref": null,
                  "rendered": "#MOVEMBER",
                  "type": [Function],
                },
              ],
              "type": [Function],
            },
            "type": [Function],
          },
        ],
        "type": [Function],
      },
    ],
    "type": [Function],
  },
  Symbol(enzyme.__nodes__): Array [
    Object {
      "instance": null,
      "key": undefined,
      "nodeType": "class",
      "props": Object {
        "children": Array [
          <glamorous(div)
            imageDesktop=""
            imageMobile="https://www.thesun.co.uk/wp-content/uploads/2018/10/handlebar.jpg"
          />,
          <glamorous(div) />,
          <glamorous(div) />,
          <glamorous(div)>
            <glamorous(glamorous(glamorous(h2)))>
              The Results
            </glamorous(glamorous(glamorous(h2)))>
            <glamorous(glamorous(glamorous.P))
              textAlign="left"
            >
              Here’s what everyone else thought, did you agree with the others?
            </glamorous(glamorous(glamorous.P))>
            <glamorous(div)>
              <ChartHorizontalBar
                data={
                  Array [
                    Object {
                      "iconImg": "https://www.thesun.co.uk/wp-content/uploads/2018/10/Chevron.png",
                      "noVoteCount": 5,
                      "player": "The Chevron",
                      "voteCount": 2,
                      "votePercentage": 14,
                    },
                    Object {
                      "iconImg": "https://www.thesun.co.uk/wp-content/uploads/2018/10/Handlebar.png",
                      "noVoteCount": 2,
                      "player": "The Handlebar",
                      "voteCount": 5,
                      "votePercentage": 36,
                    },
                    Object {
                      "iconImg": "https://www.thesun.co.uk/wp-content/uploads/2018/10/Horseshoe.png",
                      "noVoteCount": 4,
                      "player": "The Horseshoe",
                      "voteCount": 3,
                      "votePercentage": 21,
                    },
                    Object {
                      "iconImg": "https://www.thesun.co.uk/wp-content/uploads/2018/10/Pencil.png",
                      "noVoteCount": 3,
                      "player": "The Pencil",
                      "voteCount": 4,
                      "votePercentage": 29,
                    },
                  ]
                }
                theme={
                  Object {
                    "primary": "#000000",
                    "secondary": "#ffffff",
                  }
                }
              />
            </glamorous(div)>
            <glamorous(glamorous(glamorous(glamorous(h2))))>
              Thanks for voting!
            </glamorous(glamorous(glamorous(glamorous(h2))))>
            <glamorous(glamorous(glamorous.P))>
              <glamorous(a)
                href="http://www.thesun.co.uk"
              >
                Read more from:
                 
                <glamorous(span)>
                  #MOVEMBER
                </glamorous(span)>
              </glamorous(a)>
            </glamorous(glamorous(glamorous.P))>
          </glamorous(div)>,
        ],
      },
      "ref": null,
      "rendered": Array [
        Object {
          "instance": null,
          "key": undefined,
          "nodeType": "class",
          "props": Object {
            "imageDesktop": "",
            "imageMobile": "https://www.thesun.co.uk/wp-content/uploads/2018/10/handlebar.jpg",
          },
          "ref": null,
          "rendered": null,
          "type": [Function],
        },
        Object {
          "instance": null,
          "key": undefined,
          "nodeType": "class",
          "props": Object {},
          "ref": null,
          "rendered": null,
          "type": [Function],
        },
        Object {
          "instance": null,
          "key": undefined,
          "nodeType": "class",
          "props": Object {},
          "ref": null,
          "rendered": null,
          "type": [Function],
        },
        Object {
          "instance": null,
          "key": undefined,
          "nodeType": "class",
          "props": Object {
            "children": Array [
              <glamorous(glamorous(glamorous(h2)))>
                The Results
              </glamorous(glamorous(glamorous(h2)))>,
              <glamorous(glamorous(glamorous.P))
                textAlign="left"
              >
                Here’s what everyone else thought, did you agree with the others?
              </glamorous(glamorous(glamorous.P))>,
              <glamorous(div)>
                <ChartHorizontalBar
                  data={
                    Array [
                      Object {
                        "iconImg": "https://www.thesun.co.uk/wp-content/uploads/2018/10/Chevron.png",
                        "noVoteCount": 5,
                        "player": "The Chevron",
                        "voteCount": 2,
                        "votePercentage": 14,
                      },
                      Object {
                        "iconImg": "https://www.thesun.co.uk/wp-content/uploads/2018/10/Handlebar.png",
                        "noVoteCount": 2,
                        "player": "The Handlebar",
                        "voteCount": 5,
                        "votePercentage": 36,
                      },
                      Object {
                        "iconImg": "https://www.thesun.co.uk/wp-content/uploads/2018/10/Horseshoe.png",
                        "noVoteCount": 4,
                        "player": "The Horseshoe",
                        "voteCount": 3,
                        "votePercentage": 21,
                      },
                      Object {
                        "iconImg": "https://www.thesun.co.uk/wp-content/uploads/2018/10/Pencil.png",
                        "noVoteCount": 3,
                        "player": "The Pencil",
                        "voteCount": 4,
                        "votePercentage": 29,
                      },
                    ]
                  }
                  theme={
                    Object {
                      "primary": "#000000",
                      "secondary": "#ffffff",
                    }
                  }
                />
              </glamorous(div)>,
              <glamorous(glamorous(glamorous(glamorous(h2))))>
                Thanks for voting!
              </glamorous(glamorous(glamorous(glamorous(h2))))>,
              <glamorous(glamorous(glamorous.P))>
                <glamorous(a)
                  href="http://www.thesun.co.uk"
                >
                  Read more from:
                   
                  <glamorous(span)>
                    #MOVEMBER
                  </glamorous(span)>
                </glamorous(a)>
              </glamorous(glamorous(glamorous.P))>,
            ],
          },
          "ref": null,
          "rendered": Array [
            Object {
              "instance": null,
              "key": undefined,
              "nodeType": "class",
              "props": Object {
                "children": "The Results",
              },
              "ref": null,
              "rendered": "The Results",
              "type": [Function],
            },
            Object {
              "instance": null,
              "key": undefined,
              "nodeType": "class",
              "props": Object {
                "children": "Here’s what everyone else thought, did you agree with the others?",
                "textAlign": "left",
              },
              "ref": null,
              "rendered": "Here’s what everyone else thought, did you agree with the others?",
              "type": [Function],
            },
            Object {
              "instance": null,
              "key": undefined,
              "nodeType": "class",
              "props": Object {
                "children": <ChartHorizontalBar
                  data={
                    Array [
                      Object {
                        "iconImg": "https://www.thesun.co.uk/wp-content/uploads/2018/10/Chevron.png",
                        "noVoteCount": 5,
                        "player": "The Chevron",
                        "voteCount": 2,
                        "votePercentage": 14,
                      },
                      Object {
                        "iconImg": "https://www.thesun.co.uk/wp-content/uploads/2018/10/Handlebar.png",
                        "noVoteCount": 2,
                        "player": "The Handlebar",
                        "voteCount": 5,
                        "votePercentage": 36,
                      },
                      Object {
                        "iconImg": "https://www.thesun.co.uk/wp-content/uploads/2018/10/Horseshoe.png",
                        "noVoteCount": 4,
                        "player": "The Horseshoe",
                        "voteCount": 3,
                        "votePercentage": 21,
                      },
                      Object {
                        "iconImg": "https://www.thesun.co.uk/wp-content/uploads/2018/10/Pencil.png",
                        "noVoteCount": 3,
                        "player": "The Pencil",
                        "voteCount": 4,
                        "votePercentage": 29,
                      },
                    ]
                  }
                  theme={
                    Object {
                      "primary": "#000000",
                      "secondary": "#ffffff",
                    }
                  }
                />,
              },
              "ref": null,
              "rendered": Object {
                "instance": null,
                "key": undefined,
                "nodeType": "class",
                "props": Object {
                  "data": Array [
                    Object {
                      "iconImg": "https://www.thesun.co.uk/wp-content/uploads/2018/10/Chevron.png",
                      "noVoteCount": 5,
                      "player": "The Chevron",
                      "voteCount": 2,
                      "votePercentage": 14,
                    },
                    Object {
                      "iconImg": "https://www.thesun.co.uk/wp-content/uploads/2018/10/Handlebar.png",
                      "noVoteCount": 2,
                      "player": "The Handlebar",
                      "voteCount": 5,
                      "votePercentage": 36,
                    },
                    Object {
                      "iconImg": "https://www.thesun.co.uk/wp-content/uploads/2018/10/Horseshoe.png",
                      "noVoteCount": 4,
                      "player": "The Horseshoe",
                      "voteCount": 3,
                      "votePercentage": 21,
                    },
                    Object {
                      "iconImg": "https://www.thesun.co.uk/wp-content/uploads/2018/10/Pencil.png",
                      "noVoteCount": 3,
                      "player": "The Pencil",
                      "voteCount": 4,
                      "votePercentage": 29,
                    },
                  ],
                  "theme": Object {
                    "primary": "#000000",
                    "secondary": "#ffffff",
                  },
                },
                "ref": null,
                "rendered": null,
                "type": [Function],
              },
              "type": [Function],
            },
            Object {
              "instance": null,
              "key": undefined,
              "nodeType": "class",
              "props": Object {
                "children": "Thanks for voting!",
              },
              "ref": null,
              "rendered": "Thanks for voting!",
              "type": [Function],
            },
            Object {
              "instance": null,
              "key": undefined,
              "nodeType": "class",
              "props": Object {
                "children": <glamorous(a)
                  href="http://www.thesun.co.uk"
                >
                  Read more from:
                   
                  <glamorous(span)>
                    #MOVEMBER
                  </glamorous(span)>
                </glamorous(a)>,
              },
              "ref": null,
              "rendered": Object {
                "instance": null,
                "key": undefined,
                "nodeType": "class",
                "props": Object {
                  "children": Array [
                    "Read more from:",
                    " ",
                    <glamorous(span)>
                      #MOVEMBER
                    </glamorous(span)>,
                  ],
                  "href": "http://www.thesun.co.uk",
                },
                "ref": null,
                "rendered": Array [
                  "Read more from:",
                  " ",
                  Object {
                    "instance": null,
                    "key": undefined,
                    "nodeType": "class",
                    "props": Object {
                      "children": "#MOVEMBER",
                    },
                    "ref": null,
                    "rendered": "#MOVEMBER",
                    "type": [Function],
                  },
                ],
                "type": [Function],
              },
              "type": [Function],
            },
          ],
          "type": [Function],
        },
      ],
      "type": [Function],
    },
  ],
  Symbol(enzyme.__options__): Object {
    "adapter": ReactSixteenAdapter {
      "options": Object {
        "enableComponentDidUpdateOnSetState": true,
        "lifecycles": Object {
          "componentDidUpdate": Object {
            "onSetState": true,
          },
          "getDerivedStateFromProps": true,
          "getSnapshotBeforeUpdate": true,
          "setState": Object {
            "skipsComponentDidUpdateOnNullish": true,
          },
        },
      },
    },
  },
}
`;
